This is pdfTeX, Version 3.141592653-2.6-1.40.22 (TeX Live 2022/dev/Debian) (preloaded format=pdflatex 2026.8.14)  24 SEP 2026 22:21
entering extended mode
 restricted \write18 enabled.
 %&-line parsing enabled.
**main.tex
(./main.tex
LaTeX2e <2021-11-15> patch level 1
L3 programming layer <2022-01-21>
(/usr/share/texlive/texmf-dist/tex/latex/base/article.cls
Document Class: article 2021/10/04 v1.4n Standard LaTeX document class
(/usr/share/texlive/texmf-dist/tex/latex/base/size11.clo
File: size11.clo 2021/10/04 v1.4n Standard LaTeX file (size option)
)
\c@part=\count185
\c@section=\count186
\c@subsection=\count187
\c@subsubsection=\count188
\c@paragraph=\count189
\c@subparagraph=\count190
\c@figure=\count191
\c@table=\count192
\abovecaptionskip=\skip47
\belowcaptionskip=\skip48
\bibindent=\dimen138
)
(/usr/share/texlive/texmf-dist/tex/latex/psnfss/mathptmx.sty
Package: mathptmx 2020/03/25 PSNFSS-v9.3 Times w/ Math, improved (SPQR, WaS) 
LaTeX Font Info:    Redeclaring symbol font `operators' on input line 28.
LaTeX Font Info:    Overwriting symbol font `operators' in version `normal'
(Font)                  OT1/cmr/m/n --> OT1/ztmcm/m/n on input line 28.
LaTeX Font Info:    Overwriting symbol font `operators' in version `bold'
(Font)                  OT1/cmr/bx/n --> OT1/ztmcm/m/n on input line 28.
LaTeX Font Info:    Redeclaring symbol font `letters' on input line 29.
LaTeX Font Info:    Overwriting symbol font `letters' in version `normal'
(Font)                  OML/cmm/m/it --> OML/ztmcm/m/it on input line 29.
LaTeX Font Info:    Overwriting symbol font `letters' in version `bold'
(Font)                  OML/cmm/b/it --> OML/ztmcm/m/it on input line 29.
LaTeX Font Info:    Redeclaring symbol font `symbols' on input line 30.
LaTeX Font Info:    Overwriting symbol font `symbols' in version `normal'
(Font)                  OMS/cmsy/m/n --> OMS/ztmcm/m/n on input line 30.
LaTeX Font Info:    Overwriting symbol font `symbols' in version `bold'
(Font)                  OMS/cmsy/b/n --> OMS/ztmcm/m/n on input line 30.
LaTeX Font Info:    Redeclaring symbol font `largesymbols' on input line 31.
LaTeX Font Info:    Overwriting symbol font `largesymbols' in version `normal'
(Font)                  OMX/cmex/m/n --> OMX/ztmcm/m/n on input line 31.
LaTeX Font Info:    Overwriting symbol font `largesymbols' in version `bold'
(Font)                  OMX/cmex/m/n --> OMX/ztmcm/m/n on input line 31.
\symbold=\mathgroup4
\symitalic=\mathgroup5
LaTeX Font Info:    Redeclaring math alphabet \mathbf on input line 34.
LaTeX Font Info:    Overwriting math alphabet `\mathbf' in version `normal'
(Font)                  OT1/cmr/bx/n --> OT1/ptm/bx/n on input line 34.
LaTeX Font Info:    Overwriting math alphabet `\mathbf' in version `bold'
(Font)                  OT1/cmr/bx/n --> OT1/ptm/bx/n on input line 34.
LaTeX Font Info:    Redeclaring math alphabet \mathit on input line 35.
LaTeX Font Info:    Overwriting math alphabet `\mathit' in version `normal'
(Font)                  OT1/cmr/m/it --> OT1/ptm/m/it on input line 35.
LaTeX Font Info:    Overwriting math alphabet `\mathit' in version `bold'
(Font)                  OT1/cmr/bx/it --> OT1/ptm/m/it on input line 35.
LaTeX Info: Redefining \hbar on input line 50.
)
(/usr/share/texlive/texmf-dist/tex/latex/geometry/geometry.sty
Package: geometry 2020/01/02 v5.9 Page Geometry

(/usr/share/texlive/texmf-dist/tex/latex/graphics/keyval.sty
Package: keyval 2014/10/28 v1.15 key=value parser (DPC)
\KV@toks@=\toks16
)
(/usr/share/texlive/texmf-dist/tex/generic/iftex/ifvtex.sty
Package: ifvtex 2019/10/25 v1.7 ifvtex legacy package. Use iftex instead.

(/usr/share/texlive/texmf-dist/tex/generic/iftex/iftex.sty
Package: iftex 2020/03/06 v1.0d TeX engine tests
))
\Gm@cnth=\count193
\Gm@cntv=\count194
\c@Gm@tempcnt=\count195
\Gm@bindingoffset=\dimen139
\Gm@wd@mp=\dimen140
\Gm@odd@mp=\dimen141
\Gm@even@mp=\dimen142
\Gm@layoutwidth=\dimen143
\Gm@layoutheight=\dimen144
\Gm@layouthoffset=\dimen145
\Gm@layoutvoffset=\dimen146
\Gm@dimlist=\toks17
)
(/usr/share/texlive/texmf-dist/tex/latex/graphics/graphicx.sty
Package: graphicx 2021/09/16 v1.2d Enhanced LaTeX Graphics (DPC,SPQR)

(/usr/share/texlive/texmf-dist/tex/latex/graphics/graphics.sty
Package: graphics 2021/03/04 v1.4d Standard LaTeX Graphics (DPC,SPQR)

(/usr/share/texlive/texmf-dist/tex/latex/graphics/trig.sty
Package: trig 2021/08/11 v1.11 sin cos tan (DPC)
)
(/usr/share/texlive/texmf-dist/tex/latex/graphics-cfg/graphics.cfg
File: graphics.cfg 2016/06/04 v1.11 sample graphics configuration
)
Package graphics Info: Driver file: pdftex.def on input line 107.

(/usr/share/texlive/texmf-dist/tex/latex/graphics-def/pdftex.def
File: pdftex.def 2020/10/05 v1.2a Graphics/color driver for pdftex
))
\Gin@req@height=\dimen147
\Gin@req@width=\dimen148
)
(/usr/share/texlive/texmf-dist/tex/latex/amsmath/amsmath.sty
Package: amsmath 2021/10/15 v2.17l AMS math features
\@mathmargin=\skip49

For additional information on amsmath, use the `?' option.
(/usr/share/texlive/texmf-dist/tex/latex/amsmath/amstext.sty
Package: amstext 2021/08/26 v2.01 AMS text

(/usr/share/texlive/texmf-dist/tex/latex/amsmath/amsgen.sty
File: amsgen.sty 1999/11/30 v2.0 generic functions
\@emptytoks=\toks18
\ex@=\dimen149
))
(/usr/share/texlive/texmf-dist/tex/latex/amsmath/amsbsy.sty
Package: amsbsy 1999/11/29 v1.2d Bold Symbols
\pmbraise@=\dimen150
)
(/usr/share/texlive/texmf-dist/tex/latex/amsmath/amsopn.sty
Package: amsopn 2021/08/26 v2.02 operator names
)
\inf@bad=\count196
LaTeX Info: Redefining \frac on input line 234.
\uproot@=\count197
\leftroot@=\count198
LaTeX Info: Redefining \overline on input line 399.
\classnum@=\count199
\DOTSCASE@=\count266
LaTeX Info: Redefining \ldots on input line 496.
LaTeX Info: Redefining \dots on input line 499.
LaTeX Info: Redefining \cdots on input line 620.
\Mathstrutbox@=\box50
\strutbox@=\box51
\big@size=\dimen151
LaTeX Font Info:    Redeclaring font encoding OML on input line 743.
LaTeX Font Info:    Redeclaring font encoding OMS on input line 744.
\macc@depth=\count267
\c@MaxMatrixCols=\count268
\dotsspace@=\muskip16
\c@parentequation=\count269
\dspbrk@lvl=\count270
\tag@help=\toks19
\row@=\count271
\column@=\count272
\maxfields@=\count273
\andhelp@=\toks20
\eqnshift@=\dimen152
\alignsep@=\dimen153
\tagshift@=\dimen154
\tagwidth@=\dimen155
\totwidth@=\dimen156
\lineht@=\dimen157
\@envbody=\toks21
\multlinegap=\skip50
\multlinetaggap=\skip51
\mathdisplay@stack=\toks22
LaTeX Info: Redefining \[ on input line 2938.
LaTeX Info: Redefining \] on input line 2939.
)
(/usr/share/texlive/texmf-dist/tex/latex/amsfonts/amssymb.sty
Package: amssymb 2013/01/14 v3.01 AMS font symbols

(/usr/share/texlive/texmf-dist/tex/latex/amsfonts/amsfonts.sty
Package: amsfonts 2013/01/14 v3.01 Basic AMSFonts support
\symAMSa=\mathgroup6
\symAMSb=\mathgroup7
LaTeX Font Info:    Overwriting math alphabet `\mathfrak' in version `bold'
(Font)                  U/euf/m/n --> U/euf/b/n on input line 106.
))
(/usr/share/texlive/texmf-dist/tex/latex/url/url.sty
\Urlmuskip=\muskip17
Package: url 2013/09/16  ver 3.4  Verb mode for urls, etc.
)
LaTeX Font Info:    Trying to load font information for OT1+ptm on input line 9
.

(/usr/share/texlive/texmf-dist/tex/latex/psnfss/ot1ptm.fd
File: ot1ptm.fd 2001/06/04 font definitions for OT1/ptm.
)
(/usr/share/texlive/texmf-dist/tex/latex/l3backend/l3backend-pdftex.def
File: l3backend-pdftex.def 2022-01-12 L3 backend support: PDF output (pdfTeX)
\l__color_backend_stack_int=\count274
\l__pdf_internal_box=\box52
)
(./main.aux)
\openout1 = `main.aux'.

LaTeX Font Info:    Checking defaults for OML/cmm/m/it on input line 9.
LaTeX Font Info:    ... okay on input line 9.
LaTeX Font Info:    Checking defaults for OMS/cmsy/m/n on input line 9.
LaTeX Font Info:    ... okay on input line 9.
LaTeX Font Info:    Checking defaults for OT1/cmr/m/n on input line 9.
LaTeX Font Info:    ... okay on input line 9.
LaTeX Font Info:    Checking defaults for T1/cmr/m/n on input line 9.
LaTeX Font Info:    ... okay on input line 9.
LaTeX Font Info:    Checking defaults for TS1/cmr/m/n on input line 9.
LaTeX Font Info:    ... okay on input line 9.
LaTeX Font Info:    Checking defaults for OMX/cmex/m/n on input line 9.
LaTeX Font Info:    ... okay on input line 9.
LaTeX Font Info:    Checking defaults for U/cmr/m/n on input line 9.
LaTeX Font Info:    ... okay on input line 9.

*geometry* driver: auto-detecting
*geometry* detected driver: pdftex
*geometry* verbose mode - [ preamble ] result:
* driver: pdftex
* paper: <default>
* layout: <same size as paper>
* layoutoffset:(h,v)=(0.0pt,0.0pt)
* modes: 
* h-part:(L,W,R)=(72.26999pt, 469.75502pt, 72.26999pt)
* v-part:(T,H,B)=(72.26999pt, 650.43001pt, 72.26999pt)
* \paperwidth=614.295pt
* \paperheight=794.96999pt
* \textwidth=469.75502pt
* \textheight=650.43001pt
* \oddsidemargin=0.0pt
* \evensidemargin=0.0pt
* \topmargin=-37.0pt
* \headheight=12.0pt
* \headsep=25.0pt
* \topskip=11.0pt
* \footskip=30.0pt
* \marginparwidth=59.0pt
* \marginparsep=10.0pt
* \columnsep=10.0pt
* \skip\footins=10.0pt plus 4.0pt minus 2.0pt
* \hoffset=0.0pt
* \voffset=0.0pt
* \mag=1000
* \@twocolumnfalse
* \@twosidefalse
* \@mparswitchfalse
* \@reversemarginfalse
* (1in=72.27pt=25.4mm, 1cm=28.453pt)

(/usr/share/texlive/texmf-dist/tex/context/base/mkii/supp-pdf.mkii
[Loading MPS to PDF converter (version 2006.09.02).]
\scratchcounter=\count275
\scratchdimen=\dimen158
\scratchbox=\box53
\nofMPsegments=\count276
\nofMParguments=\count277
\everyMPshowfont=\toks23
\MPscratchCnt=\count278
\MPscratchDim=\dimen159
\MPnumerator=\count279
\makeMPintoPDFobject=\count280
\everyMPtoPDFconversion=\toks24
) (/usr/share/texlive/texmf-dist/tex/latex/epstopdf-pkg/epstopdf-base.sty
Package: epstopdf-base 2020-01-24 v2.11 Base part for package epstopdf
Package epstopdf-base Info: Redefining graphics rule for `.eps' on input line 4
85.

(/usr/share/texlive/texmf-dist/tex/latex/latexconfig/epstopdf-sys.cfg
File: epstopdf-sys.cfg 2010/07/13 v1.3 Configuration of (r)epstopdf for TeX Liv
e
))
LaTeX Font Info:    Trying to load font information for OT1+ztmcm on input line
 9.

(/usr/share/texlive/texmf-dist/tex/latex/psnfss/ot1ztmcm.fd
File: ot1ztmcm.fd 2000/01/03 Fontinst v1.801 font definitions for OT1/ztmcm.
)
LaTeX Font Info:    Trying to load font information for OML+ztmcm on input line
 9.

(/usr/share/texlive/texmf-dist/tex/latex/psnfss/omlztmcm.fd
File: omlztmcm.fd 2000/01/03 Fontinst v1.801 font definitions for OML/ztmcm.
)
LaTeX Font Info:    Trying to load font information for OMS+ztmcm on input line
 9.

(/usr/share/texlive/texmf-dist/tex/latex/psnfss/omsztmcm.fd
File: omsztmcm.fd 2000/01/03 Fontinst v1.801 font definitions for OMS/ztmcm.
)
LaTeX Font Info:    Trying to load font information for OMX+ztmcm on input line
 9.

(/usr/share/texlive/texmf-dist/tex/latex/psnfss/omxztmcm.fd
File: omxztmcm.fd 2000/01/03 Fontinst v1.801 font definitions for OMX/ztmcm.
)
LaTeX Font Info:    Font shape `OT1/ptm/bx/n' in size <12> not available
(Font)              Font shape `OT1/ptm/b/n' tried instead on input line 9.
LaTeX Font Info:    Font shape `OT1/ptm/bx/n' in size <9> not available
(Font)              Font shape `OT1/ptm/b/n' tried instead on input line 9.
LaTeX Font Info:    Font shape `OT1/ptm/bx/n' in size <7> not available
(Font)              Font shape `OT1/ptm/b/n' tried instead on input line 9.
LaTeX Font Info:    Font shape `OT1/ptm/bx/n' in size <10> not available
(Font)              Font shape `OT1/ptm/b/n' tried instead on input line 11.
LaTeX Font Info:    Font shape `OT1/ptm/bx/n' in size <7.4> not available
(Font)              Font shape `OT1/ptm/b/n' tried instead on input line 11.
LaTeX Font Info:    Font shape `OT1/ptm/bx/n' in size <6> not available
(Font)              Font shape `OT1/ptm/b/n' tried instead on input line 11.

Overfull \hbox (31.32034pt too wide) in paragraph at lines 11--12
\OT1/ptm/m/n/10 Known single-antigen tar-gets val-i-date the win-dow met-ric (M
SLN$\OMS/ztmcm/m/n/10 !$\OT1/ptm/m/n/10 OV $\OT1/ztmcm/m/n/10 2\OML/ztmcm/m/it/
10 :\OT1/ztmcm/m/n/10 29$\OT1/ptm/m/n/10 , GPC3$\OMS/ztmcm/m/n/10 !$\OT1/ptm/m/
n/10 LIHC $\OT1/ztmcm/m/n/10 1\OML/ztmcm/m/it/10 :\OT1/ztmcm/m/n/10 17$\OT1/ptm
/m/n/10 , EGFR$\OMS/ztmcm/m/n/10 !$\OT1/ptm/m/n/10 GBM
 []

(./main.toc
LaTeX Font Info:    Font shape `OT1/ptm/bx/n' in size <10.95> not available
(Font)              Font shape `OT1/ptm/b/n' tried instead on input line 4.
LaTeX Font Info:    Font shape `OT1/ptm/bx/n' in size <8> not available
(Font)              Font shape `OT1/ptm/b/n' tried instead on input line 4.
 [1

{/var/lib/texmf/fonts/map/pdftex/updmap/pdftex.map}])
\tf@toc=\write3
\openout3 = `main.toc'.

 [2]
<figs/fig_synergy.pdf, id=14, 390.25798pt x 173.448pt>
File: figs/fig_synergy.pdf Graphic file (type pdf)
<use figs/fig_synergy.pdf>
Package pdftex.def Info: figs/fig_synergy.pdf  used on input line 35.
(pdftex.def)             Requested size: 422.77664pt x 187.90329pt.


LaTeX Warning: `h' float specifier changed to `ht'.

[3]
! Missing $ inserted.
<inserted text> 
                $
l.44 ...(145 genes, \texttt{^(IGH|IGK|IGL|JCHAIN)}
                                                  ): before filtering, Ig pa...
I've inserted a begin-math/end-math symbol since I think
you left one out. Proceed, with fingers crossed.

! Extra }, or forgotten $.
<recently read> \egroup 
                        
l.44 ...(145 genes, \texttt{^(IGH|IGK|IGL|JCHAIN)}
                                                  ): before filtering, Ig pa...
I've deleted a group-closing symbol because it seems to be
spurious, as in `$x}$'. But perhaps the } is legitimate and
you forgot something else, as in `\hbox{$x}'. In such cases
the way to recover is to insert both the forgotten and the
deleted material, e.g., by typing `I$}'.

! Missing $ inserted.
<inserted text> 
                $
l.45 \subsection
                {AND-gate biclonal discovery}
I've inserted a begin-math/end-math symbol since I think
you left one out. Proceed, with fingers crossed.


Overfull \hbox (302.60947pt too wide) in paragraph at lines 43--45
[]\OML/ztmcm/m/it/10.95 IGH\OMS/ztmcm/m/n/10.95 j\OML/ztmcm/m/it/10.95 IGK\OMS/
ztmcm/m/n/10.95 j\OML/ztmcm/m/it/10.95 IGL\OMS/ztmcm/m/n/10.95 j\OML/ztmcm/m/it
/10.95 JCHAIN\OT1/ztmcm/m/n/10.95 )) : \OML/ztmcm/m/it/10.95 beforefiltering; I
gpairsoccupied\OT1/ztmcm/m/n/10.95 15\OML/ztmcm/m/it/10.95 =\OT1/ztmcm/m/n/10.9
5 15\OML/ztmcm/m/it/10.95 top \OMS/ztmcm/m/n/10.95 ^^@ \OT1/ztmcm/m/n/10.95 15\
OML/ztmcm/m/it/10.95 slotsinLUADandSTADand\OT1/ztmcm/m/n/10.95 14\OML/ztmcm/m/i
t/10.95 =\OT1/ztmcm/m/n/10.95 15\OML/ztmcm/m/it/10.95 inCOAD\OT1/ztmcm/m/n/10.9
5 ; \OML/ztmcm/m/it/10.95 afterfiltering; clinicallyestablishedantigenssurface 
\OMS/ztmcm/m/n/10.95 ^^@
 []


Overfull \hbox (419.33237pt too wide) in paragraph at lines 43--45
\OMS/ztmcm/m/n/10.95 ^^@ ^^@ \OML/ztmcm/m/it/10.95 CLDN\OT1/ztmcm/m/n/10.95 18\
OML/ztmcm/m/it/10.95 pairsinSTAD\OT1/ztmcm/m/n/10.95 (\OML/ztmcm/m/it/10.95 gat
edwindow\OT1/ztmcm/m/n/10.95 4\OML/ztmcm/m/it/10.95 :\OT1/ztmcm/m/n/10.95 09)\O
ML/ztmcm/m/it/10.95 ; MSLNpairsinOV=PAAD=LUAD; CA\OT1/ztmcm/m/n/10.95 9\OML/ztm
cm/m/it/10.95 =CA\OT1/ztmcm/m/n/10.95 12\OML/ztmcm/m/it/10.95 inKIRC; CLDN\OT1/
ztmcm/m/n/10.95 6\OML/ztmcm/m/it/10.95 inOV\OT1/ztmcm/m/n/10.95 ([])\OML/ztmcm/
m/it/10.95 :Iggenesremainexcludedfromallgated \OMS/ztmcm/m/n/10.95 ^^@
 []

<figs/fig_andgate.pdf, id=23, 361.35pt x 202.356pt>
File: figs/fig_andgate.pdf Graphic file (type pdf)
<use figs/fig_andgate.pdf>
Package pdftex.def Info: figs/fig_andgate.pdf  used on input line 46.
(pdftex.def)             Requested size: 446.26582pt x 249.91225pt.
[4 <./figs/fig_synergy.pdf>]
Overfull \hbox (29.62582pt too wide) in paragraph at lines 48--49
[]\OT1/cmtt/m/n/10.95 Validation of the metric: MSLN$\OMS/ztmcm/m/n/10.95 !$\OT
1/cmtt/m/n/10.95 OV $\OT1/ztmcm/m/n/10.95 2\OML/ztmcm/m/it/10.95 :\OT1/ztmcm/m/
n/10.95 29$\OT1/cmtt/m/n/10.95 , GPC3$\OMS/ztmcm/m/n/10.95 !$\OT1/cmtt/m/n/10.9
5 LIHC $\OT1/ztmcm/m/n/10.95 1\OML/ztmcm/m/it/10.95 :\OT1/ztmcm/m/n/10.95 17$\O
T1/cmtt/m/n/10.95 , EGFR$\OMS/ztmcm/m/n/10.95 !$\OT1/cmtt/m/n/10.95 GBM $\OT1/z
tmcm/m/n/10.95 1\OML/ztmcm/m/it/10.95 :\OT1/ztmcm/m/n/10.95 99$\OT1/cmtt/m/n/10
.95 ; CD19/BCMA/CD20
 []


Overfull \hbox (30.38081pt too wide) in paragraph at lines 48--49
\OT1/cmtt/m/n/10.95 correctly negative (no hematologic indications in the solid
-tumor panel). ERBB2 scores
 []


Overfull \hbox (46.84947pt too wide) in paragraph at lines 48--49
\OMS/ztmcm/m/n/10.95 ^^@\OT1/ztmcm/m/n/10.95 0\OML/ztmcm/m/it/10.95 :\OT1/ztmcm
/m/n/10.95 19$ \OT1/cmtt/m/n/10.95 on mean expression --- a documented dilution
 artifact of subtype-restricted targets;
 []


Overfull \hbox (36.1295pt too wide) in paragraph at lines 50--62
\OT1/cmtt/m/n/10.95 All 104 ALMANAC NSC codes were resolved through PubChem PUG
 synonyms to ChEMBL molecules
 []


Overfull \hbox (30.38081pt too wide) in paragraph at lines 50--62
\OT1/cmtt/m/n/10.95 (90 resolved; 70 with usable assay bioactivities), and assa
y-level records were fetched
 []


Overfull \hbox (7.38606pt too wide) in paragraph at lines 50--62
\OT1/cmtt/m/n/10.95 per drug: 12,459 unique ChEMBL assay accessions, each an id
entifier-backed dataset
 []


Overfull \hbox (5.94798pt too wide) in paragraph at lines 50--62
\OT1/cmtt/m/n/10.95 its top-5 targets at pChEMBL $\OMS/ztmcm/m/n/10.95 ^^U \OT1
/ztmcm/m/n/10.95 6$ \OT1/cmtt/m/n/10.95 and testing the complementary-mechanism
 hypothesis
 []


Overfull \hbox (26.53317pt too wide) in paragraph at lines 50--62
\OT1/cmtt/m/n/10.95 --- synergistic pairs should share targets \OT1/cmtt/m/it/1
0.95 less \OT1/cmtt/m/n/10.95 often --- gives the opposite direction
 []


Overfull \hbox (82.119pt too wide) in paragraph at lines 50--62
\OT1/cmtt/m/n/10.95 with no significance: 18.6% of synergistic pairs share a to
p target vs 16.5% of non-synergistic
 []


Overfull \hbox (33.99759pt too wide) in paragraph at lines 50--62
\OT1/cmtt/m/n/10.95 pairs ($\OML/ztmcm/m/it/10.95 ^^_[]$ $p \OT1/ztmcm/m/n/10.9
5 = 0\OML/ztmcm/m/it/10.95 :\OT1/ztmcm/m/n/10.95 21$\OT1/cmtt/m/n/10.95 , 2,319
 fully annotated pairs). Verdict: no detectable target-sharing
 []


Overfull \hbox (30.38081pt too wide) in paragraph at lines 50--62
\OT1/cmtt/m/n/10.95 relationship at this annotation depth; kept as a documented
 negative rather than fished
 []


Overfull \hbox (3.84932pt too wide) in paragraph at lines 63--64
\OT1/cmtt/m/n/10.95 (1) Leaky $\OT1/ztmcm/m/n/10.95 0\OML/ztmcm/m/it/10.95 :\OT
1/ztmcm/m/n/10.95 90$ \OT1/cmtt/m/n/10.95 AUROC retired. (2) HPA subcellular an
notation lacks canonical CAR-T
 []


Overfull \hbox (30.38081pt too wide) in paragraph at lines 63--64
\OT1/cmtt/m/n/10.95 antigens (CD19, BCMA, FOLR1) --- fixed by UniProt union and
 reported as a data-coverage
 []


Overfull \hbox (30.38081pt too wide) in paragraph at lines 63--64
\OT1/cmtt/m/n/10.95 finding. (3) ERBB2 mean-window failure (above) --- root-cau
sed by per-sample analysis:
 []


Overfull \hbox (7.38606pt too wide) in paragraph at lines 63--64
\OT1/cmtt/m/n/10.95 subtype restriction, not dilution; p75 fix falsified, FANM 
validated at 11.0%, same
 []


Overfull \hbox (53.37556pt too wide) in paragraph at lines 63--64
\OT1/cmtt/m/n/10.95 order as the 15--20% clinical HER2+ prevalence [[]]. (4) Im
munoglobulin infiltrate
 []

[5 <./figs/fig_andgate.pdf>]
Overfull \hbox (13.13475pt too wide) in paragraph at lines 65--66
\OT1/cmtt/m/n/10.95 Synergy: published MatchMaker/DeepSynergy numbers verified 
(see Results) --- splits
 []


Overfull \hbox (7.38606pt too wide) in paragraph at lines 65--66
\OT1/cmtt/m/n/10.95 differ, no SOTA claim made; a same-split rerun on DrugComb 
is the remaining path to
 []


Overfull \hbox (53.37556pt too wide) in paragraph at lines 65--66
\OT1/cmtt/m/n/10.95 a direct comparison. AND-gate: check top pairs against sing
le-cell RNA-seq (co-expression
 []


Overfull \hbox (1.63737pt too wide) in paragraph at lines 65--66
\OT1/cmtt/m/n/10.95 in the same malignant cells, not just bulk) and against IHC
 surface co-staining in
 []


Underfull \hbox (badness 10000) in paragraph at lines 68--69
[]\OT1/cmtt/m/n/10.95 Uhl^^Sen M, et al. Tissue-based map of the human proteome

 []


Underfull \hbox (badness 10000) in paragraph at lines 69--70
[]\OT1/cmtt/m/n/10.95 American Cancer Society, Breast Cancer HER2 Status (15--2
0%
 []


Underfull \hbox (badness 10000) in paragraph at lines 69--70
\OT1/cmtt/m/n/10.95 HER2-positive); Slamon et al., \OT1/cmtt/m/it/10.95 NEJM \O
T1/cmtt/m/n/10.95 2001; Nahta, \OT1/cmtt/m/it/10.95 Nat Rev Clin Oncol \OT1/cmt
t/m/n/10.95 2024
 []


Underfull \hbox (badness 10000) in paragraph at lines 70--71
[]\OT1/cmtt/m/n/10.95 Kuruoglu Mustafaoglu N, et al. MatchMaker. \OT1/cmtt/m/it
/10.95 Cancer Res
 []

(./derivations.tex
Overfull \hbox (109.2528pt too wide) in paragraph at lines 2--4
\OT1/cmtt/m/n/10.95 All quantities below are computed in the committed pipeline
s; notation matches src/cart/rna[]window.py
 []


Overfull \hbox (13.13475pt too wide) in paragraph at lines 6--9
\OT1/cmtt/m/n/10.95 Two drugs act independently when the surviving fraction und
er the combination is the
 []


Overfull \hbox (7.38606pt too wide) in paragraph at lines 6--9
\OT1/cmtt/m/n/10.95 product of the single-agent surviving fractions. Writing fr
actional growth effects
 []


Overfull \hbox (60.02663pt too wide) in paragraph at lines 11--15
\OT1/cmtt/m/n/10.95 Derivation: independence of kill mechanisms gives $\OML/ztm
cm/m/it/10.95 P\OT1/ztmcm/m/n/10.95 ([]) = \OML/ztmcm/m/it/10.95 P\OT1/ztmcm/m/
n/10.95 ([]\OML/ztmcm/m/it/10.95 a\OT1/ztmcm/m/n/10.95 ) \OML/ztmcm/m/it/10.95 
P\OT1/ztmcm/m/n/10.95 ([]\OML/ztmcm/m/it/10.95 b\OT1/ztmcm/m/n/10.95 )$\OT1/cmt
t/m/n/10.95 ;
 []


Overfull \hbox (2.41476pt too wide) in paragraph at lines 11--15
\OT1/cmtt/m/n/10.95 substituting $\OML/ztmcm/m/it/10.95 S \OT1/ztmcm/m/n/10.95 
= 1 \OMS/ztmcm/m/n/10.95 ^^@ \OML/ztmcm/m/it/10.95 E$ \OT1/cmtt/m/n/10.95 and e
xpanding yields the sum-minus-product form. The ALMANAC
 []


Overfull \hbox (13.13475pt too wide) in paragraph at lines 11--15
\OT1/cmtt/m/n/10.95 combo file carries EXPECTEDGROWTH (the Bliss-style expectat
ion at each concentration
 []


Overfull \hbox (41.87819pt too wide) in paragraph at lines 18--20
\OT1/cmtt/m/n/10.95 so synergy is cumulative observed shortfall of growth below
 the independence expectation. 
 []

[6]
Overfull \hbox (0.20355pt too wide) in paragraph at lines 26--32
\OT1/cmtt/m/n/10.95 Under a row-level split, pair $\OT1/ztmcm/m/n/10.95 (\OML/z
tmcm/m/it/10.95 a; b\OT1/ztmcm/m/n/10.95 )$ \OT1/cmtt/m/n/10.95 appears in trai
ning on cell line $\OML/ztmcm/m/it/10.95 c[]$ \OT1/cmtt/m/n/10.95 and in test
 []


Overfull \hbox (28.22354pt too wide) in paragraph at lines 26--32
\OT1/cmtt/m/n/10.95 on $\OML/ztmcm/m/it/10.95 c[]$\OT1/cmtt/m/n/10.95 ; since $
\OML/ztmcm/m/it/10.95 e[]; e[]$ \OT1/cmtt/m/n/10.95 are memorizable, test loss 
partly measures embedding recall. Holding
 []


Overfull \hbox (7.69905pt too wide) in paragraph at lines 26--32
\OT1/cmtt/m/n/10.95 out all rows of 20% of pairs forces generalization through 
$\OML/ztmcm/m/it/10.95 e[] \OMS/ztmcm/m/n/10.95 ^^L \OML/ztmcm/m/it/10.95 e[]$ 
\OT1/cmtt/m/n/10.95 structure only ---
 []


Overfull \hbox (1.63737pt too wide) in paragraph at lines 26--32
\OT1/cmtt/m/n/10.95 the retired random-split AUROC 0.90 vs pair-held-out 0.846 
quantifies exactly that
 []


Overfull \hbox (1.63737pt too wide) in paragraph at lines 38--40
\OT1/cmtt/m/n/10.95 a rank statistic, so AUROC is invariant to any monotone rec
alibration of the model
 []


Overfull \hbox (1.63737pt too wide) in paragraph at lines 38--40
\OT1/cmtt/m/n/10.95 output --- which is why we report it alongside, never inste
ad of, Pearson/Spearman
 []


Overfull \hbox (41.87819pt too wide) in paragraph at lines 42--44
\OT1/cmtt/m/n/10.95 For subtype-restricted targets the estimand is a population
 fraction, and its uncertainty
 []


Overfull \hbox (0.55336pt too wide) in paragraph at lines 47--50
\OT1/cmtt/m/n/10.95 For ERBB2/BRCA: $[] \OT1/ztmcm/m/n/10.95 = 0\OML/ztmcm/m/it
/10.95 :\OT1/ztmcm/m/n/10.95 110$\OT1/cmtt/m/n/10.95 , $\OML/ztmcm/m/it/10.95 n
[] \OT1/ztmcm/m/n/10.95 = 1075$\OT1/cmtt/m/n/10.95 , SE $\OT1/ztmcm/m/n/10.95 =
 0\OML/ztmcm/m/it/10.95 :\OT1/ztmcm/m/n/10.95 0095$\OT1/cmtt/m/n/10.95 . Becaus
e $[]$ is far from $[]$ we report
 []


Overfull \hbox (7.15605pt too wide) in paragraph at lines 54--56
\OT1/cmtt/m/n/10.95 which excludes both the broad-target regime ($\OMS/ztmcm/m/
n/10.95 ^^X$\OT1/cmtt/m/n/10.95 1) and noise ($\OMS/ztmcm/m/n/10.95 ^^X$\OT1/cm
tt/m/n/10.95 0): the subtype call
 []


Overfull \hbox (1.63737pt too wide) in paragraph at lines 58--61
\OT1/cmtt/m/n/10.95 The per-sample tumor file holds 156.8M rows; percentiles ar
e computed gene-by-gene
 []


Overfull \hbox (3.08368pt too wide) in paragraph at lines 64--70
\OT1/cmtt/m/n/10.95 consistent by Glivenko--Cantelli. The p75 window replaces t
he mean in $\OML/ztmcm/m/it/10.95 W\OT1/ztmcm/m/n/10.95 (\OML/ztmcm/m/it/10.95 
g; K\OT1/ztmcm/m/n/10.95 )$\OT1/cmtt/m/n/10.95 ; the
 []


Overfull \hbox (3.18512pt too wide) in paragraph at lines 64--70
\OT1/cmtt/m/n/10.95 ERBB2 falsification ($\OMS/ztmcm/m/n/10.95 ^^@\OT1/ztmcm/m/
n/10.95 0\OML/ztmcm/m/it/10.95 :\OT1/ztmcm/m/n/10.95 19 \OMS/ztmcm/m/n/10.95 ! 
^^@\OT1/ztmcm/m/n/10.95 0\OML/ztmcm/m/it/10.95 :\OT1/ztmcm/m/n/10.95 84$\OT1/cm
tt/m/n/10.95 ) is the direct observation that for right-skewed
 []


Overfull \hbox (38.11124pt too wide) in paragraph at lines 64--70
\OML/ztmcm/m/it/10.95 F$\OT1/cmtt/m/n/10.95 , $\OML/ztmcm/m/it/10.95 Q\OT1/ztmc
m/m/n/10.95 (0\OML/ztmcm/m/it/10.95 :\OT1/ztmcm/m/n/10.95 75) \OML/ztmcm/m/it/1
0.95 < \U/msb/m/n/10.95 E\OT1/ztmcm/m/n/10.95 [\OML/ztmcm/m/it/10.95 X\OT1/ztmc
m/m/n/10.95 ]$ \OT1/cmtt/m/n/10.95 whenever the skew is driven by a high-expres
sing minority --- mean-based
 []

[7])
Overfull \hbox (23.23221pt too wide) in paragraph at lines 75--73
\OT1/cmtt/m/n/10.95 because $[]\OT1/ztmcm/m/n/10.95 (\OML/ztmcm/m/it/10.95 T[];
 T[]\OT1/ztmcm/m/n/10.95 ) \OMS/ztmcm/m/n/10.95 ^^T \OML/ztmcm/m/it/10.95 T[]$ 
\OT1/cmtt/m/n/10.95 and $[][] []\OT1/ztmcm/m/n/10.95 (\OML/ztmcm/m/it/10.95 N[]
; N[]\OT1/ztmcm/m/n/10.95 ) \OMS/ztmcm/m/n/10.95 ^^T [][] \OML/ztmcm/m/it/10.95
 N[]$ \OT1/cmtt/m/n/10.95 (the min cannot exceed either argument
 []


Overfull \hbox (36.1295pt too wide) in paragraph at lines 75--73
\OT1/cmtt/m/n/10.95 and monotone maps preserve the inequality), so the numerato
r shrinks and the denominator
 []


Overfull \hbox (13.13475pt too wide) in paragraph at lines 75--73
\OT1/cmtt/m/n/10.95 shrinks no faster than either single's. Hence positive gain
 is never automatic: it
 []


Overfull \hbox (9.01341pt too wide) in paragraph at lines 75--73
\OT1/cmtt/m/n/10.95 requires the normal-tissue \OT1/cmtt/m/it/10.95 co-expressi
on \OT1/cmtt/m/n/10.95 pattern (different toxic tissues for $\OML/ztmcm/m/it/10
.95 a$ \OT1/cmtt/m/n/10.95 and
 []

[8] (./main.aux) )
(\end occurred inside a group at level 1)

### simple group (level 1) entered at line 44 ({)
### bottom level 
Here is how much of TeX's memory you used:
 3372 strings out of 480247
 49874 string characters out of 5896151
 346059 words of memory out of 5000000
 21251 multiletter control sequences out of 15000+600000
 519929 words of font info for 138 fonts, out of 8000000 for 9000
 14 hyphenation exceptions out of 8191
 55i,11n,62p,1047b,289s stack positions out of 5000i,500n,10000p,200000b,80000s
{/usr/share/texlive/texmf-dist/fonts/enc/dvips/base/8r.enc}</us
r/share/texlive/texmf-dist/fonts/type1/public/amsfonts/cm/cmex10.pfb></usr/shar
e/texlive/texmf-dist/fonts/type1/public/amsfonts/cm/cmitt10.pfb></usr/share/tex
live/texmf-dist/fonts/type1/public/amsfonts/cm/cmmi10.pfb></usr/share/texlive/t
exmf-dist/fonts/type1/public/amsfonts/cm/cmr10.pfb></usr/share/texlive/texmf-di
st/fonts/type1/public/amsfonts/cm/cmsy10.pfb></usr/share/texlive/texmf-dist/fon
ts/type1/public/amsfonts/cm/cmtt10.pfb></usr/share/texlive/texmf-dist/fonts/typ
e1/public/amsfonts/symbols/msbm10.pfb></usr/share/texlive/texmf-dist/fonts/type
1/public/rsfs/rsfs10.pfb></usr/share/texlive/texmf-dist/fonts/type1/urw/symbol/
usyr.pfb></usr/share/texlive/texmf-dist/fonts/type1/urw/symbol/usyr.pfb></usr/s
hare/texlive/texmf-dist/fonts/type1/urw/times/utmb8a.pfb></usr/share/texlive/te
xmf-dist/fonts/type1/urw/times/utmr8a.pfb></usr/share/texlive/texmf-dist/fonts/
type1/urw/times/utmri8a.pfb>
Output written on main.pdf (8 pages, 176484 bytes).
PDF statistics:
 196 PDF objects out of 1000 (max. 8388607)
 70 compressed objects within 1 object stream
 0 named destinations out of 1000 (max. 500000)
 11 words of extra memory for PDF output out of 10000 (max. 10000000)

